// Jest Snapshot v1, https://goo.gl/fbAQLP

exports[`should render ExpenseList with expenses 1`] = `
<div>
  <ExpenseListItem
    amount={195}
    createdAt={0}
    description="pen"
    id={1}
    key="1"
    note=""
  />
  <ExpenseListItem
    amount={20000}
    createdAt={-345600000}
    description="phone"
    id={2}
    key="2"
    note=""
  />
  <ExpenseListItem
    amount={4000}
    createdAt={259200000}
    description="book"
    id={3}
    key="3"
    note=""
  />
</div>
`;

exports[`should render ExpenseList with no expense 1`] = `
<div>
  <p>
     No Item
  </p>
</div>
`;
